// Jest Snapshot v1, https://goo.gl/fbAQLP

exports[`LoginForm emits an event with a user data payload 1`] = `
Array [
  Array [
    Object {
      "name": "Test123",
    },
  ],
]
`;
